// Jest Snapshot v1, https://goo.gl/fbAQLP

exports[`App renders "Hello World" elements 1`] = `
<input
  placeholder="input value..."
  type="text"
/>
`;

exports[`App renders content 1`] = `
<input
  placeholder="input value..."
  type="text"
/>
`;

exports[`renders "Hello World" header 1`] = `
<input
  placeholder="input value..."
  type="text"
/>
`;
